May-27 15:50:21.572 [main] DEBUG nextflow.cli.Launcher - $> nextflow run module_0_readprocess.nf --input_dir '/Volumes/Macintosh HD/Users/rodr771/Library/CloudStorage/OneDrive-PNNL/Documents/Proposals/SAMWISE/test_files' --threads 2 --output_dir '/Volumes/Macintosh HD/Users/rodr771/Library/CloudStorage/OneDrive-PNNL/Documents/Proposals/SAMWISE/test_out'
May-27 15:50:21.629 [main] DEBUG nextflow.cli.CmdRun - N E X T F L O W  ~  version 26.04.2
May-27 15:50:21.647 [main] DEBUG nextflow.plugin.PluginsFacade - Setting up plugin manager > mode=prod; embedded=false; plugins-dir=/Users/rodr771/.nextflow/plugins; core-plugins: nf-amazon@3.9.1,nf-azure@1.22.4,nf-cloudcache@0.6.0,nf-codecommit@0.5.2,nf-console@1.3.0,nf-google@1.27.2,nf-k8s@1.5.3,nf-seqera@0.20.0,nf-tower@1.27.0,nf-wave@1.20.0
May-27 15:50:21.672 [main] INFO  o.pf4j.DefaultPluginStatusProvider - Enabled plugins: []
May-27 15:50:21.672 [main] INFO  o.pf4j.DefaultPluginStatusProvider - Disabled plugins: []
May-27 15:50:21.674 [main] INFO  org.pf4j.DefaultPluginManager - PF4J version 3.14.1 in 'deployment' mode
May-27 15:50:21.685 [main] DEBUG nextflow.util.RetryConfig - Missing nextflow session - using default retry config
May-27 15:50:21.807 [main] DEBUG nextflow.plugin.PluginUpdater - Using plugin repository: HttpPluginRepository [registry]; url=https://registry.nextflow.io/api
May-27 15:50:21.810 [main] INFO  org.pf4j.AbstractPluginManager - No plugins
May-27 15:50:21.825 [main] DEBUG nextflow.config.ConfigParserFactory - Using config parser v2
May-27 15:50:21.858 [main] DEBUG nextflow.plugin.PluginsFacade - Plugins default=[]
May-27 15:50:21.858 [main] DEBUG nextflow.plugin.PluginsFacade - Plugins resolved requirement=[]
May-27 15:50:21.870 [main] DEBUG n.secret.LocalSecretsProvider - Secrets store: /Users/rodr771/.nextflow/secrets/store.json
May-27 15:50:21.876 [main] DEBUG nextflow.secret.SecretsLoader - Discovered secrets providers: [nextflow.secret.LocalSecretsProvider@6107165] - activable => nextflow.secret.LocalSecretsProvider@6107165
May-27 15:50:21.895 [main] DEBUG nextflow.cli.CmdRun - Launching `module_0_readprocess.nf` [ecstatic_pesquet] - revision: 009c7c3029
May-27 15:50:21.951 [main] DEBUG nextflow.Session - Session UUID: 579dfe3f-3a46-49e4-ad8c-b87851de90f6
May-27 15:50:21.951 [main] DEBUG nextflow.Session - Run name: ecstatic_pesquet
May-27 15:50:21.951 [main] DEBUG nextflow.Session - Executor pool size: 12
May-27 15:50:21.957 [main] DEBUG nextflow.file.FilePorter - File porter settings maxRetries=3; maxTransfers=50; pollTimeout=null
May-27 15:50:21.960 [main] DEBUG nextflow.util.ThreadPoolBuilder - Creating thread pool 'FileTransfer' minSize=10; maxSize=36; workQueue=LinkedBlockingQueue[-1]; allowCoreThreadTimeout=false
May-27 15:50:21.982 [main] DEBUG nextflow.cli.CmdRun - 
  Version: 26.04.2 build 12216
  Created: 21-05-2026 21:22 UTC (14:22 PDT)
  System: Mac OS X 26.5
  Runtime: Groovy 4.0.31 on OpenJDK 64-Bit Server VM 23.0.2+7
  Encoding: UTF-8 (UTF-8)
  Process: 66996@WE48225 [130.20.186.212]
  CPUs: 12 - Mem: 16 GB (86 MB) - Swap: 7 GB (1.7 GB)
May-27 15:50:22.015 [main] DEBUG nextflow.Session - Work-dir: /Users/rodr771/Library/CloudStorage/OneDrive-PNNL/Documents/vscode_files/samwise/work [Mac OS X]
May-27 15:50:22.016 [main] DEBUG nextflow.Session - Script base path does not exist or is not a directory: /Users/rodr771/Library/CloudStorage/OneDrive-PNNL/Documents/vscode_files/samwise/bin
May-27 15:50:22.024 [main] DEBUG nextflow.executor.ExecutorFactory - Extension executors providers=[]
May-27 15:50:22.030 [main] DEBUG nextflow.Session - Observer factory (v2): LinObserverFactory
May-27 15:50:22.031 [main] DEBUG nextflow.Session - Observer factory (v2): DefaultObserverFactory
May-27 15:50:22.049 [main] DEBUG nextflow.cache.CacheFactory - Using Nextflow cache factory: nextflow.cache.DefaultCacheFactory
May-27 15:50:22.055 [main] DEBUG nextflow.util.CustomThreadPool - Creating default thread pool > poolSize: 13; maxThreads: 1000
May-27 15:50:22.098 [main] DEBUG nextflow.Session - Session start
May-27 15:50:22.103 [main] DEBUG nextflow.script.ScriptLoaderFactory - Using script parser v2
May-27 15:50:22.499 [main] DEBUG nextflow.script.ScriptRunner - > Launching execution
May-27 15:50:22.503 [main] WARN  nextflow.script.ScriptBinding - Access to undefined parameter `outdir` -- Initialise it to a default value eg. `params.outdir = some_value`
May-27 15:50:22.503 [main] WARN  nextflow.script.ScriptBinding - Access to undefined parameter `auto_install` -- Initialise it to a default value eg. `params.auto_install = some_value`
May-27 15:50:22.504 [main] WARN  nextflow.script.ScriptBinding - Access to undefined parameter `file_pattern` -- Initialise it to a default value eg. `params.file_pattern = some_value`
May-27 15:50:22.566 [main] WARN  nextflow.script.ScriptBinding - Access to undefined parameter `fastqc_threads` -- Initialise it to a default value eg. `params.fastqc_threads = some_value`
May-27 15:50:22.603 [main] DEBUG nextflow.executor.ExecutorFactory - << taskConfig executor: null
May-27 15:50:22.603 [main] DEBUG nextflow.executor.ExecutorFactory - >> processorType: 'local'
May-27 15:50:22.608 [main] DEBUG nextflow.executor.Executor - [warm up] executor > local
May-27 15:50:22.613 [main] DEBUG n.processor.LocalPollingMonitor - Creating local task monitor for executor 'local' > cpus=12; memory=16 GB; capacity=12; pollInterval=100ms; dumpInterval=5m
May-27 15:50:22.614 [main] DEBUG n.processor.TaskPollingMonitor - >>> barrier register (monitor: local)
May-27 15:50:22.643 [main] DEBUG nextflow.processor.TaskProcessor - Creating process 'INSTALL_FASTQC': maxForks=0; fair=false; array=0
May-27 15:50:22.675 [main] DEBUG nextflow.executor.ExecutorFactory - << taskConfig executor: null
May-27 15:50:22.675 [main] DEBUG nextflow.executor.ExecutorFactory - >> processorType: 'local'
May-27 15:50:22.675 [main] DEBUG nextflow.processor.TaskProcessor - Creating process 'CHECK_READ_NAMING': maxForks=0; fair=false; array=0
May-27 15:50:22.681 [main] DEBUG nextflow.executor.ExecutorFactory - << taskConfig executor: null
May-27 15:50:22.681 [main] DEBUG nextflow.executor.ExecutorFactory - >> processorType: 'local'
May-27 15:50:22.681 [main] DEBUG nextflow.processor.TaskProcessor - Creating process 'VALIDATE_READS': maxForks=0; fair=false; array=0
May-27 15:50:22.690 [main] DEBUG nextflow.executor.ExecutorFactory - << taskConfig executor: null
May-27 15:50:22.690 [main] DEBUG nextflow.executor.ExecutorFactory - >> processorType: 'local'
May-27 15:50:22.691 [main] DEBUG nextflow.processor.TaskProcessor - Creating process 'RUN_FASTQC': maxForks=0; fair=false; array=0
May-27 15:50:22.695 [main] DEBUG nextflow.Session - Process names: CHECK_READ_NAMING, INSTALL_FASTQC, VALIDATE_READS, RUN_FASTQC
May-27 15:50:22.696 [main] DEBUG nextflow.Session - Igniting dataflow network (5)
May-27 15:50:22.701 [main] DEBUG nextflow.processor.TaskProcessor - Starting process > INSTALL_FASTQC
May-27 15:50:22.702 [main] DEBUG nextflow.processor.TaskProcessor - Starting process > CHECK_READ_NAMING
May-27 15:50:22.702 [PathVisitor-1] DEBUG nextflow.file.PathVisitor - files for syntax: glob; folder: /Volumes/Macintosh HD/Users/rodr771/Library/CloudStorage/OneDrive-PNNL/Documents/Proposals/SAMWISE/test_files/; pattern: *; options: [type:file, checkIfExists:true]
May-27 15:50:22.702 [main] DEBUG nextflow.processor.TaskProcessor - Starting process > VALIDATE_READS
May-27 15:50:22.702 [main] DEBUG nextflow.processor.TaskProcessor - Starting process > RUN_FASTQC
May-27 15:50:22.702 [main] DEBUG nextflow.script.ScriptRunner - Parsed script files:
  Main: /Users/rodr771/Library/CloudStorage/OneDrive-PNNL/Documents/vscode_files/samwise/module_0_readprocess.nf
May-27 15:50:22.702 [main] DEBUG nextflow.script.ScriptRunner - > Awaiting termination 
May-27 15:50:22.702 [main] DEBUG nextflow.Session - Session await
May-27 15:50:22.808 [Task submitter] DEBUG n.executor.local.LocalTaskHandler - Launch cmd line: /bin/bash -ue .command.run
May-27 15:50:22.809 [Task submitter] INFO  nextflow.Session - [52/7c5ce2] Submitted process > CHECK_READ_NAMING (check_read_naming)
May-27 15:50:22.874 [Task submitter] DEBUG n.executor.local.LocalTaskHandler - Launch cmd line: /bin/bash -ue .command.run
May-27 15:50:22.875 [Task submitter] INFO  nextflow.Session - [28/4aaeef] Submitted process > INSTALL_FASTQC (check_fastqc)
May-27 15:50:23.177 [Task monitor] DEBUG n.processor.TaskPollingMonitor - Task completed > TaskHandler[id: 2; name: CHECK_READ_NAMING (check_read_naming); status: COMPLETED; exit: 1; error: -; workDir: /Users/rodr771/Library/CloudStorage/OneDrive-PNNL/Documents/vscode_files/samwise/work/52/7c5ce28a3b453e84edc302acd78f5f]
May-27 15:50:23.178 [Task monitor] DEBUG nextflow.util.ThreadPoolBuilder - Creating thread pool 'TaskFinalizer' minSize=10; maxSize=36; workQueue=LinkedBlockingQueue[-1]; allowCoreThreadTimeout=false
May-27 15:50:23.184 [TaskFinalizer-1] DEBUG nextflow.processor.TaskProcessor - Handling unexpected condition for
  task: name=CHECK_READ_NAMING (check_read_naming); work-dir=/Users/rodr771/Library/CloudStorage/OneDrive-PNNL/Documents/vscode_files/samwise/work/52/7c5ce28a3b453e84edc302acd78f5f
  error [nextflow.exception.ProcessFailedException]: Process `CHECK_READ_NAMING (check_read_naming)` terminated with an error exit status (1)
May-27 15:50:23.192 [TaskFinalizer-1] ERROR nextflow.processor.TaskProcessor - Error executing process > 'CHECK_READ_NAMING (check_read_naming)'

Caused by:
  Process `CHECK_READ_NAMING (check_read_naming)` terminated with an error exit status (1)


Command executed:

  set -euo pipefail
  
      mkdir -p valid_reads
  
      cat > staged_files.list <<'EOF'
  SM_0533_SRMG_trimmed_interleaved.fastq.gz
  module_0_readprocess.nf
  DN-Isolate20-Chitin-Soil_R2.fastq
  DN-Isolate20-Chitin-Soil_R1.fastq
  EOF
  
      python3 - <<'PY'
  import os
  import re
  import sys
  from pathlib import Path
  
  report_path = Path("read_naming_report.txt")
  manifest_path = Path("read_manifest.tsv")
  valid_reads_dir = Path("valid_reads")
  valid_reads_dir.mkdir(exist_ok=True)
  
  r1_files = {}
  r2_files = {}
  interleaved_files = {}
  
  r1_style = {}
  r2_style = {}
  
  seen_keys = set()
  errors = 0
  warnings = 0
  
  read1_re = re.compile(r'^(.+)_(R1|1)\.(fastq|fq)(\.gz)?)
  read2_re = re.compile(r'^(.+)_(R2|2)\.(fastq|fq)(\.gz)?)
  interleaved_re = re.compile(r'^(.+)_interleaved\.(fastq|fq)(\.gz)?)
  fastq_like_re = re.compile(r'.*\.(fastq|fq)(\.gz)?)
  
  
  def normalize_read_name(filename):
      if filename.endswith(".fastq.gz"):
          return filename
      if filename.endswith(".fq.gz"):
          return filename[:-6] + ".fastq.gz"
      if filename.endswith(".fastq"):
          return filename
      if filename.endswith(".fq"):
          return filename[:-3] + ".fastq"
      return filename
  
  
  def safe_symlink(src, dest):
      src_real = os.path.realpath(src)
      dest = Path(dest)
  
      if dest.exists() or dest.is_symlink():
          dest.unlink()
  
      os.symlink(src_real, dest)
  
  
  with report_path.open("w") as report, manifest_path.open("w") as manifest:
  
      def log(message=""):
          print(message, file=report)
  
      print("sample_id", "layout", "read1", "read2", "interleaved", sep="\t", file=manifest)
  
      log("Read naming and pairing report")
      log("Started")
      log("----------------------------------------")
      log("")
  
      with open("staged_files.list") as handle:
          staged_files = [line.strip() for line in handle if line.strip()]
  
      if not staged_files:
          log("ERROR: No files were found in the input directory.")
          errors += 1

Command exit status:
  1

Command output:
  (empty)

Command error:
    File "<stdin>", line 22
      read1_re = re.compile(r'^(.+)_(R1|1)\.(fastq|fq)(\.gz)?)
                                                              ^
  SyntaxError: EOL while scanning string literal

Work dir:
  /Users/rodr771/Library/CloudStorage/OneDrive-PNNL/Documents/vscode_files/samwise/work/52/7c5ce28a3b453e84edc302acd78f5f

Tip: when you have fixed the problem you can continue the execution adding the option `-resume` to the run command line
May-27 15:50:23.197 [TaskFinalizer-1] DEBUG nextflow.Session - Session aborted -- Cause: Process `CHECK_READ_NAMING (check_read_naming)` terminated with an error exit status (1)
May-27 15:50:23.204 [TaskFinalizer-1] DEBUG nextflow.Session - The following nodes are still active:
[process] RUN_FASTQC
  status=ACTIVE
  port 0: (queue) OPEN  ; channel: -
  port 1: (cntrl) -     ; channel: $

May-27 15:50:23.210 [TaskFinalizer-1] WARN  n.processor.TaskPollingMonitor - Killing running tasks (1)
May-27 15:50:23.226 [TaskFinalizer-1] DEBUG n.trace.WorkflowStatsObserver - Workflow completed > WorkflowStats[succeededCount=0; failedCount=1; ignoredCount=0; cachedCount=0; pendingCount=0; submittedCount=0; runningCount=0; retriesCount=0; abortedCount=1; succeedDuration=0ms; failedDuration=352ms; cachedDuration=0ms;loadCpus=0; loadMemory=0; peakRunning=2; peakCpus=2; peakMemory=0; ]
May-27 15:50:23.250 [Task monitor] DEBUG n.processor.TaskPollingMonitor - <<< barrier arrives (monitor: local) - terminating tasks monitor poll loop
May-27 15:50:23.408 [main] DEBUG nextflow.Session - Session await > all processes finished
May-27 15:50:23.408 [main] DEBUG nextflow.Session - Session await > all barriers passed
May-27 15:50:23.409 [main] DEBUG n.trace.WorkflowStatsObserver - Workflow completed > WorkflowStats[succeededCount=0; failedCount=1; ignoredCount=0; cachedCount=0; pendingCount=0; submittedCount=0; runningCount=0; retriesCount=0; abortedCount=1; succeedDuration=0ms; failedDuration=352ms; cachedDuration=0ms;loadCpus=0; loadMemory=0; peakRunning=2; peakCpus=2; peakMemory=0; ]
May-27 15:50:23.413 [main] DEBUG nextflow.cache.CacheDB - Closing CacheDB done
May-27 15:50:23.422 [main] DEBUG nextflow.script.ScriptRunner - > Execution complete -- Goodbye
